[    0.000000] Initializing cgroup subsys cpuset
[    0.000000] Initializing cgroup subsys cpu
[    0.000000] Initializing cgroup subsys cpuacct
[    0.000000] Linux version 4.4.0-187-generic (buildd@lgw01-amd64-035) (gcc version 5.4.0 20160609 (Ubuntu 5.4.0-6ubuntu1~16.04.12) ) #217-Ubuntu SMP Tue Jul 21 04:18:15 UTC 2020 (Ubuntu 4.4.0-187.217-generic 4.4.230)
[    0.000000] Command line: BOOT_IMAGE=/boot/vmlinuz-4.4.0-187-generic root=LABEL=cloudimg-rootfs ro console=tty1 console=ttyS0
[    0.000000] KERNEL supported cpus:
[    0.000000]   Intel GenuineIntel
[    0.000000]   AMD AuthenticAMD
[    0.000000]   Centaur CentaurHauls
[    0.000000] x86/fpu: xstate_offset[2]:  576, xstate_sizes[2]:  256
[    0.000000] x86/fpu: Supporting XSAVE feature 0x01: 'x87 floating point registers'
[    0.000000] x86/fpu: Supporting XSAVE feature 0x02: 'SSE registers'
[    0.000000] x86/fpu: Supporting XSAVE feature 0x04: 'AVX registers'
[    0.000000] x86/fpu: Enabled xstate features 0x7, context size is 832 bytes, using 'standard' format.
[    0.000000] e820: BIOS-provided physical RAM map:
[    0.000000] BIOS-e820: [mem 0x0000000000000000-0x000000000009fbff] usable
[    0.000000] BIOS-e820: [mem 0x000000000009fc00-0x000000000009ffff] reserved
[    0.000000] BIOS-e820: [mem 0x00000000000f0000-0x00000000000fffff] reserved
[    0.000000] BIOS-e820: [mem 0x0000000000100000-0x000000003ffeffff] usable
[    0.000000] BIOS-e820: [mem 0x000000003fff0000-0x000000003fffffff] ACPI data
[    0.000000] BIOS-e820: [mem 0x00000000fec00000-0x00000000fec00fff] reserved
[    0.000000] BIOS-e820: [mem 0x00000000fee00000-0x00000000fee00fff] reserved
[    0.000000] BIOS-e820: [mem 0x00000000fffc0000-0x00000000ffffffff] reserved
[    0.000000] NX (Execute Disable) protection: active
[    0.000000] SMBIOS 2.5 present.
[    0.000000] Hypervisor detected: KVM
[    0.000000] e820: last_pfn = 0x3fff0 max_arch_pfn = 0x400000000
[    0.000000] MTRR: Disabled
[    0.000000] x86/PAT: MTRRs disabled, skipping PAT initialization too.
[    0.000000] CPU MTRRs all blank - virtualized system.
[    0.000000] x86/PAT: Configuration [0-7]: WB  WT  UC- UC  WB  WT  UC- UC  
[    0.000000] found SMP MP-table at [mem 0x0009fff0-0x0009ffff] mapped at [ffff88000009fff0]
[    0.000000] Scanning 1 areas for low memory corruption
[    0.000000] RAMDISK: [mem 0x362de000-0x37166fff]
[    0.000000] ACPI: Early table checksum verification disabled
[    0.000000] ACPI: RSDP 0x00000000000E0000 000024 (v02 VBOX  )
[    0.000000] ACPI: XSDT 0x000000003FFF0030 00003C (v01 VBOX   VBOXXSDT 00000001 ASL  00000061)
[    0.000000] ACPI: FACP 0x000000003FFF00F0 0000F4 (v04 VBOX   VBOXFACP 00000001 ASL  00000061)
[    0.000000] ACPI: DSDT 0x000000003FFF0470 0022EA (v02 VBOX   VBOXBIOS 00000002 INTL 20100528)
[    0.000000] ACPI: FACS 0x000000003FFF0200 000040
[    0.000000] ACPI: FACS 0x000000003FFF0200 000040
[    0.000000] ACPI: APIC 0x000000003FFF0240 00005C (v02 VBOX   VBOXAPIC 00000001 ASL  00000061)
[    0.000000] ACPI: SSDT 0x000000003FFF02A0 0001CC (v01 VBOX   VBOXCPUT 00000002 INTL 20100528)
[    0.000000] No NUMA configuration found
[    0.000000] Faking a node at [mem 0x0000000000000000-0x000000003ffeffff]
[    0.000000] NODE_DATA(0) allocated [mem 0x3ffeb000-0x3ffeffff]
[    0.000000] kvm-clock: Using msrs 4b564d01 and 4b564d00
[    0.000000] kvm-clock: cpu 0, msr 0:3ffe3001, primary cpu clock
[    0.000000] kvm-clock: using sched offset of 5290077807 cycles
[    0.000000] clocksource: kvm-clock: mask: 0xffffffffffffffff max_cycles: 0x1cd42e4dffb, max_idle_ns: 881590591483 ns
[    0.000000] Zone ranges:
[    0.000000]   DMA      [mem 0x0000000000001000-0x0000000000ffffff]
[    0.000000]   DMA32    [mem 0x0000000001000000-0x000000003ffeffff]
[    0.000000]   Normal   empty
[    0.000000]   Device   empty
[    0.000000] Movable zone start for each node
[    0.000000] Early memory node ranges
[    0.000000]   node   0: [mem 0x0000000000001000-0x000000000009efff]
[    0.000000]   node   0: [mem 0x0000000000100000-0x000000003ffeffff]
[    0.000000] Initmem setup node 0 [mem 0x0000000000001000-0x000000003ffeffff]
[    0.000000] ACPI: PM-Timer IO Port: 0x4008
[    0.000000] IOAPIC[0]: apic_id 2, version 32, address 0xfec00000, GSI 0-23
[    0.000000] ACPI: INT_SRC_OVR (bus 0 bus_irq 0 global_irq 2 dfl dfl)
[    0.000000] ACPI: INT_SRC_OVR (bus 0 bus_irq 9 global_irq 9 low level)
[    0.000000] Using ACPI (MADT) for SMP configuration information
[    0.000000] smpboot: Allowing 2 CPUs, 0 hotplug CPUs
[    0.000000] PM: Registered nosave memory: [mem 0x00000000-0x00000fff]
[    0.000000] PM: Registered nosave memory: [mem 0x0009f000-0x0009ffff]
[    0.000000] PM: Registered nosave memory: [mem 0x000a0000-0x000effff]
[    0.000000] PM: Registered nosave memory: [mem 0x000f0000-0x000fffff]
[    0.000000] e820: [mem 0x40000000-0xfebfffff] available for PCI devices
[    0.000000] Booting paravirtualized kernel on KVM
[    0.000000] clocksource: refined-jiffies: mask: 0xffffffff max_cycles: 0xffffffff, max_idle_ns: 7645519600211568 ns
[    0.000000] setup_percpu: NR_CPUS:512 nr_cpumask_bits:512 nr_cpu_ids:2 nr_node_ids:1
[    0.000000] PERCPU: Embedded 33 pages/cpu @ffff88003fc00000 s95512 r8192 d31464 u1048576
[    0.000000] Built 1 zonelists in Node order, mobility grouping on.  Total pages: 257912
[    0.000000] Policy zone: DMA32
[    0.000000] Kernel command line: BOOT_IMAGE=/boot/vmlinuz-4.4.0-187-generic root=LABEL=cloudimg-rootfs ro console=tty1 console=ttyS0
[    0.000000] PID hash table entries: 4096 (order: 3, 32768 bytes)
[    0.000000] Memory: 997660K/1048120K available (8636K kernel code, 1337K rwdata, 4040K rodata, 1492K init, 1296K bss, 50460K reserved, 0K cma-reserved)
[    0.000000] SLUB: HWalign=64, Order=0-3, MinObjects=0, CPUs=2, Nodes=1
[    0.000000] Kernel/User page tables isolation: enabled
[    0.000000] Hierarchical RCU implementation.
[    0.000000] 	Build-time adjustment of leaf fanout to 64.
[    0.000000] 	RCU restricting CPUs from NR_CPUS=512 to nr_cpu_ids=2.
[    0.000000] RCU: Adjusting geometry for rcu_fanout_leaf=64, nr_cpu_ids=2
[    0.000000] NR_IRQS:33024 nr_irqs:440 16
[    0.000000] Console: colour VGA+ 80x25
[    0.000000] console [tty1] enabled
[    0.000000] console [ttyS0] enabled
[    0.000000] tsc: Detected 2394.462 MHz processor
[    0.493087] Calibrating delay loop (skipped) preset value.. 4788.92 BogoMIPS (lpj=9577848)
[    0.498189] pid_max: default: 32768 minimum: 301
[    0.500686] ACPI: Core revision 20150930
[    0.508350] ACPI: 2 ACPI AML tables successfully acquired and loaded
[    0.511853] Security Framework initialized
[    0.514265] Yama: becoming mindful.
[    0.516763] AppArmor: AppArmor initialized
[    0.519480] Dentry cache hash table entries: 131072 (order: 8, 1048576 bytes)
[    0.543169] Inode-cache hash table entries: 65536 (order: 7, 524288 bytes)
[    0.547083] Mount-cache hash table entries: 2048 (order: 2, 16384 bytes)
[    0.550406] Mountpoint-cache hash table entries: 2048 (order: 2, 16384 bytes)
[    0.554240] Initializing cgroup subsys io
[    0.557164] Initializing cgroup subsys memory
[    0.560302] Initializing cgroup subsys devices
[    0.563435] Initializing cgroup subsys freezer
[    0.566569] Initializing cgroup subsys net_cls
[    0.569414] Initializing cgroup subsys perf_event
[    0.572364] Initializing cgroup subsys net_prio
[    0.575083] Initializing cgroup subsys hugetlb
[    0.577934] Initializing cgroup subsys pids
[    0.582958] mce: CPU supports 0 MCE banks
[    0.590421] Last level iTLB entries: 4KB 1024, 2MB 1024, 4MB 1024
[    0.593552] Last level dTLB entries: 4KB 1024, 2MB 1024, 4MB 1024, 1GB 4
[    0.601099] Spectre V1 : Mitigation: usercopy/swapgs barriers and __user pointer sanitization
[    0.607053] Spectre V2 : Mitigation: Full generic retpoline
[    0.611180] Spectre V2 : Spectre v2 / SpectreRSB mitigation: Filling RSB on context switch
[    0.617474] Speculative Store Bypass: Vulnerable
[    0.621043] SRBDS: Unknown: Dependent on hypervisor status
[    0.625148] MDS: Vulnerable: Clear CPU buffers attempted, no microcode
[    0.639300] Freeing SMP alternatives memory: 36K
[    0.667036] ftrace: allocating 32337 entries in 127 pages
[    0.860926] smpboot: APIC(0) Converting physical 0 to logical package 0
[    0.864361] smpboot: Max logical packages: 1
[    0.867581] x2apic enabled
[    0.870134] Switched APIC routing to physical x2apic.
[    0.876375] ..TIMER: vector=0x30 apic1=0 pin1=2 apic2=-1 pin2=-1
[    0.988096] smpboot: CPU0: Intel(R) Core(TM) i5-4210U CPU @ 1.70GHz (family: 0x6, model: 0x45, stepping: 0x1)
[    0.995199] Performance Events: unsupported p6 CPU model 69 no PMU driver, software events only.
[    1.021974] KVM setup paravirtual spinlock
[    1.025665] x86: Booting SMP configuration:
[    1.028163] .... node  #0, CPUs:      #1
[    1.030413] kvm-clock: cpu 1, msr 0:3ffe3041, secondary cpu clock
[    1.034073] mce: CPU supports 0 MCE banks
[    1.037716] x86: Booted up 1 node, 2 CPUs
[    1.040822] smpboot: Total of 2 processors activated (9577.84 BogoMIPS)
[    1.045120] devtmpfs: initialized
[    1.062073] evm: security.selinux
[    1.064136] evm: security.SMACK64
[    1.066204] evm: security.SMACK64EXEC
[    1.068379] evm: security.SMACK64TRANSMUTE
[    1.070890] evm: security.SMACK64MMAP
[    1.073449] evm: security.ima
[    1.075700] evm: security.capability
[    1.078621] clocksource: jiffies: mask: 0xffffffff max_cycles: 0xffffffff, max_idle_ns: 7645041785100000 ns
[    1.084959] futex hash table entries: 512 (order: 3, 32768 bytes)
[    1.088770] pinctrl core: initialized pinctrl subsystem
[    1.092295] RTC time:  3:16:13, date: 09/01/20
[    1.095109] NET: Registered protocol family 16
[    1.109427] cpuidle: using governor ladder
[    1.121119] cpuidle: using governor menu
[    1.123877] PCCT header not found.
[    1.127021] ACPI: bus type PCI registered
[    1.130016] acpiphp: ACPI Hot Plug PCI Controller Driver version: 0.5
[    1.134294] PCI: Using configuration type 1 for base access
[    1.155040] ACPI: Added _OSI(Module Device)
[    1.157716] ACPI: Added _OSI(Processor Device)
[    1.160362] ACPI: Added _OSI(3.0 _SCP Extensions)
[    1.163357] ACPI: Added _OSI(Processor Aggregator Device)
[    1.168331] ACPI: Executed 1 blocks of module-level executable AML code
[    1.179063] ACPI: Interpreter enabled
[    1.181648] ACPI: (supports S0 S5)
[    1.183906] ACPI: Using IOAPIC for interrupt routing
[    1.187190] PCI: Using host bridge windows from ACPI; if necessary, use "pci=nocrs" and report a bug
[    1.204046] ACPI: PCI Root Bridge [PCI0] (domain 0000 [bus 00-ff])
[    1.208163] acpi PNP0A03:00: _OSC: OS supports [ASPM ClockPM Segments MSI]
[    1.213097] acpi PNP0A03:00: _OSC: not requesting OS control; OS requires [ExtendedConfig ASPM ClockPM MSI]
[    1.218994] acpi PNP0A03:00: fail to add MMCONFIG information, can't access extended PCI configuration space under this bridge.
[    1.225646] PCI host bridge to bus 0000:00
[    1.228078] pci_bus 0000:00: root bus resource [io  0x0000-0x0cf7 window]
[    1.231615] pci_bus 0000:00: root bus resource [io  0x0d00-0xffff window]
[    1.235197] pci_bus 0000:00: root bus resource [mem 0x000a0000-0x000bffff window]
[    1.240157] pci_bus 0000:00: root bus resource [mem 0x40000000-0xfdffffff window]
[    1.244832] pci_bus 0000:00: root bus resource [bus 00-ff]
[    1.252131] pci 0000:00:01.1: legacy IDE quirk: reg 0x10: [io  0x01f0-0x01f7]
[    1.255669] pci 0000:00:01.1: legacy IDE quirk: reg 0x14: [io  0x03f6]
[    1.259088] pci 0000:00:01.1: legacy IDE quirk: reg 0x18: [io  0x0170-0x0177]
[    1.293702] pci 0000:00:01.1: legacy IDE quirk: reg 0x1c: [io  0x0376]
[    1.327744] pci 0000:00:07.0: quirk: [io  0x4000-0x403f] claimed by PIIX4 ACPI
[    1.333075] pci 0000:00:07.0: quirk: [io  0x4100-0x410f] claimed by PIIX4 SMB
[    1.358333] ACPI: PCI Interrupt Link [LNKA] (IRQs 5 9 10 *11)
[    1.363418] ACPI: PCI Interrupt Link [LNKB] (IRQs 5 9 *10 11)
[    1.367967] ACPI: PCI Interrupt Link [LNKC] (IRQs 5 *9 10 11)
[    1.372469] ACPI: PCI Interrupt Link [LNKD] (IRQs 5 9 10 *11)
[    1.377146] ACPI: Enabled 2 GPEs in block 00 to 07
[    1.380784] vgaarb: setting as boot device: PCI:0000:00:02.0
[    1.383987] vgaarb: device added: PCI:0000:00:02.0,decodes=io+mem,owns=io+mem,locks=none
[    1.396231] vgaarb: loaded
[    1.398350] vgaarb: bridge control possible 0000:00:02.0
[    1.401927] SCSI subsystem initialized
[    1.404371] ACPI: bus type USB registered
[    1.407067] usbcore: registered new interface driver usbfs
[    1.410313] usbcore: registered new interface driver hub
[    1.413811] usbcore: registered new device driver usb
[    1.416922] PCI: Using ACPI for IRQ routing
[    1.419910] NetLabel: Initializing
[    1.422049] NetLabel:  domain hash size = 128
[    1.424487] NetLabel:  protocols = UNLABELED CIPSOv4
[    1.443629] NetLabel:  unlabeled traffic allowed by default
[    1.451673] amd_nb: Cannot enumerate AMD northbridges
[    1.454456] clocksource: Switched to clocksource kvm-clock
[    1.502991] AppArmor: AppArmor Filesystem Enabled
[    1.505641] pnp: PnP ACPI init
[    1.509860] pnp: PnP ACPI: found 3 devices
[    1.528449] clocksource: acpi_pm: mask: 0xffffff max_cycles: 0xffffff, max_idle_ns: 2085701024 ns
[    1.533971] NET: Registered protocol family 2
[    1.536985] TCP established hash table entries: 8192 (order: 4, 65536 bytes)
[    1.540969] TCP bind hash table entries: 8192 (order: 5, 131072 bytes)
[    1.544152] TCP: Hash tables configured (established 8192 bind 8192)
[    1.547475] UDP hash table entries: 512 (order: 2, 16384 bytes)
[    1.550498] UDP-Lite hash table entries: 512 (order: 2, 16384 bytes)
[    1.554033] NET: Registered protocol family 1
[    1.556871] pci 0000:00:00.0: Limiting direct PCI/PCI transfers
[    1.560109] pci 0000:00:01.0: Activating ISA DMA hang workarounds
[    1.565044] Unpacking initramfs...
[    2.571928] Freeing initrd memory: 14884K
[    2.575641] RAPL PMU detected, API unit is 2^-32 Joules, 4 fixed counters 10737418240 ms ovfl timer
[    2.599344] hw unit of domain pp0-core 2^-0 Joules
[    2.602986] hw unit of domain package 2^-0 Joules
[    2.607280] hw unit of domain dram 2^-0 Joules
[    2.610183] hw unit of domain pp1-gpu 2^-0 Joules
[    2.615541] clocksource: tsc: mask: 0xffffffffffffffff max_cycles: 0x2283c7bd99f, max_idle_ns: 440795233967 ns
[    2.623925] platform rtc_cmos: registered platform RTC device (no PNP device found)
[    2.633527] Scanning for low memory corruption every 60 seconds
[    2.641844] audit: initializing netlink subsys (disabled)
[    2.645160] audit: type=2000 audit(1598930181.675:1): initialized
[    2.652027] Initialise system trusted keyring
[    2.655914] HugeTLB registered 2 MB page size, pre-allocated 0 pages
[    2.665362] zbud: loaded
[    2.668274] VFS: Disk quotas dquot_6.6.0
[    2.671441] VFS: Dquot-cache hash table entries: 512 (order 0, 4096 bytes)
[    2.676090] squashfs: version 4.0 (2009/01/31) Phillip Lougher
[    2.681003] fuse init (API version 7.23)
[    2.684117] Key type big_key registered
[    2.687318] Allocating IMA MOK and blacklist keyrings.
[    2.692463] Key type asymmetric registered
[    2.695902] Asymmetric key parser 'x509' registered
[    2.699079] Block layer SCSI generic (bsg) driver version 0.4 loaded (major 249)
[    2.704386] io scheduler noop registered
[    2.706716] io scheduler deadline registered (default)
[    2.709661] io scheduler cfq registered
[    2.712354] pci_hotplug: PCI Hot Plug PCI Core version: 0.5
[    2.716071] pciehp: PCI Express Hot Plug Controller Driver version: 0.4
[    2.720478] ACPI: AC Adapter [AC] (on-line)
[    2.723522] input: Power Button as /devices/LNXSYSTM:00/LNXPWRBN:00/input/input0
[    2.729020] ACPI: Power Button [PWRF]
[    2.732552] input: Sleep Button as /devices/LNXSYSTM:00/LNXSLPBN:00/input/input1
[    2.737146] ACPI: Sleep Button [SLPF]
[    2.741621] ACPI: Battery Slot [BAT0] (battery present)
[    2.744524] GHES: HEST is not enabled!
[    2.747866] Serial: 8250/16550 driver, 32 ports, IRQ sharing enabled
[    2.773887] 00:02: ttyS0 at I/O 0x3f8 (irq = 4, base_baud = 115200) is a 16550A
[    2.782438] Linux agpgart interface v0.103
[    2.792191] loop: module loaded
[    2.795753] scsi host0: ata_piix
[    2.799462] scsi host1: ata_piix
[    2.802216] ata1: PATA max UDMA/33 cmd 0x1f0 ctl 0x3f6 bmdma 0xd000 irq 14
[    2.806737] ata2: PATA max UDMA/33 cmd 0x170 ctl 0x376 bmdma 0xd008 irq 15
[    2.811462] libphy: Fixed MDIO Bus: probed
[    2.815529] tun: Universal TUN/TAP device driver, 1.6
[    2.819004] tun: (C) 1999-2004 Max Krasnyansky <maxk@qualcomm.com>
[    2.822626] PPP generic driver version 2.4.2
[    2.825842] ehci_hcd: USB 2.0 'Enhanced' Host Controller (EHCI) Driver
[    2.831229] ehci-pci: EHCI PCI platform driver
[    2.834077] ehci-platform: EHCI generic platform driver
[    2.837716] ohci_hcd: USB 1.1 'Open' Host Controller (OHCI) Driver
[    2.841493] ohci-pci: OHCI PCI platform driver
[    2.844561] ohci-platform: OHCI generic platform driver
[    2.849019] uhci_hcd: USB Universal Host Controller Interface driver
[    2.852790] i8042: PNP: PS/2 Controller [PNP0303:PS2K,PNP0f03:PS2M] at 0x60,0x64 irq 1,12
[    2.858932] serio: i8042 KBD port at 0x60,0x64 irq 1
[    2.861590] serio: i8042 AUX port at 0x60,0x64 irq 12
[    2.865413] mousedev: PS/2 mouse device common for all mice
[    2.869710] input: AT Translated Set 2 keyboard as /devices/platform/i8042/serio0/input/input2
[    2.874924] rtc_cmos rtc_cmos: rtc core: registered rtc_cmos as rtc0
[    2.878668] rtc_cmos rtc_cmos: alarms up to one day, 114 bytes nvram
[    2.882563] i2c /dev entries driver
[    2.885379] device-mapper: uevent: version 1.0.3
[    2.888576] device-mapper: ioctl: 4.34.0-ioctl (2015-10-28) initialised: dm-devel@redhat.com
[    2.894571] ledtrig-cpu: registered to indicate activity on CPUs
[    2.900349] NET: Registered protocol family 10
[    2.904068] NET: Registered protocol family 17
[    2.907170] Key type dns_resolver registered
[    2.911372] registered taskstats version 1
[    2.914452] Loading compiled-in X.509 certificates
[    2.919829] Loaded X.509 cert 'Build time autogenerated kernel key: f06b7227f29f55afa9b8968d1b82289d30ebc7c3'
[    2.926720] zswap: loaded using pool lzo/zbud
[    2.935769] Key type trusted registered
[    2.948326] Key type encrypted registered
[    2.951553] AppArmor: AppArmor sha1 policy hashing enabled
[    2.955403] ima: No TPM chip found, activating TPM-bypass!
[    2.961105] ima: Allocated hash algorithm: sha1
[    2.970088] evm: HMAC attrs: 0x1
[    2.975918]   Magic number: 4:128:259
[    2.980246] rtc_cmos rtc_cmos: setting system clock to 2020-09-01 03:16:15 UTC (1598930175)
[    2.986769] BIOS EDD facility v0.16 2004-Jun-25, 0 devices found
[    2.990946] EDD information not available.
[    3.001230] Freeing unused kernel memory: 1492K
[    3.015228] Write protecting the kernel read-only data: 14336k
[    3.027836] Freeing unused kernel memory: 1592K
[    3.032028] Freeing unused kernel memory: 56K
Loading, please wait...
starting version 229
[    3.061069] random: systemd-udevd: uninitialized urandom read (16 bytes read, 3 bits of entropy available)
[    3.062929] random: udevadm: uninitialized urandom read (16 bytes read, 3 bits of entropy available)
[    3.063009] random: udevadm: uninitialized urandom read (16 bytes read, 3 bits of entropy available)
[    3.082368] random: systemd-udevd: uninitialized urandom read (16 bytes read, 3 bits of entropy available)
[    3.090970] random: systemd-udevd: uninitialized urandom read (16 bytes read, 3 bits of entropy available)
[    3.095535] random: udevadm: uninitialized urandom read (16 bytes read, 3 bits of entropy available)
[    3.095660] random: udevadm: uninitialized urandom read (16 bytes read, 3 bits of entropy available)
[    3.096096] random: udevadm: uninitialized urandom read (16 bytes read, 3 bits of entropy available)
[    3.096283] random: udevadm: uninitialized urandom read (16 bytes read, 3 bits of entropy available)
[    3.096441] random: udevadm: uninitialized urandom read (16 bytes read, 3 bits of entropy available)
[    3.278320] e1000: Intel(R) PRO/1000 Network Driver - version 7.3.21-k8-NAPI
[    3.284874] e1000: Copyright (c) 1999-2006 Intel Corporation.
[    3.299356] Fusion MPT base driver 3.04.20
[    3.302224] Copyright (c) 1999-2008 LSI Corporation
[    3.345567] AVX2 version of gcm_enc/dec engaged.
[    3.349962] AES CTR mode by8 optimization enabled
[    3.361097] Fusion MPT SPI Host driver 3.04.20
[    3.554066] input: ImExPS/2 Generic Explorer Mouse as /devices/platform/i8042/serio1/input/input4
[    3.962634] e1000 0000:00:03.0 eth0: (PCI:33MHz:32-bit) 02:98:c6:81:17:55
[    3.966159] e1000 0000:00:03.0 eth0: Intel(R) PRO/1000 Network Connection
[    4.551896] e1000 0000:00:08.0 eth1: (PCI:33MHz:32-bit) 08:00:27:f1:c4:5c
[    4.555538] e1000 0000:00:08.0 eth1: Intel(R) PRO/1000 Network Connection
[    4.564444] e1000 0000:00:08.0 enp0s8: renamed from eth1
[    4.568211] mptbase: ioc0: Initiating bringup
[    4.581037] e1000 0000:00:03.0 enp0s3: renamed from eth0
[    4.631417] ioc0: LSI53C1030 A0: Capabilities={Initiator}
[    5.621502] scsi host2: ioc0: LSI53C1030 A0, FwRev=00000000h, Ports=1, MaxQ=256, IRQ=20
[    5.993691] scsi 2:0:0:0: Direct-Access     VBOX     HARDDISK         1.0  PQ: 0 ANSI: 5
[    6.068632] scsi target2:0:0: Beginning Domain Validation
[    6.075355] scsi target2:0:0: Domain Validation skipping write tests
[    6.078993] scsi target2:0:0: Ending Domain Validation
[    6.082258] scsi target2:0:0: asynchronous
[    6.086064] scsi 2:0:1:0: Direct-Access     VBOX     HARDDISK         1.0  PQ: 0 ANSI: 5
[    6.091367] scsi target2:0:1: Beginning Domain Validation
[    6.097491] scsi target2:0:1: Domain Validation skipping write tests
[    6.100679] scsi target2:0:1: Ending Domain Validation
[    6.104156] scsi target2:0:1: asynchronous
[    6.120231] sd 2:0:0:0: [sda] 20971520 512-byte logical blocks: (10.7 GB/10.0 GiB)
[    6.125706] sd 2:0:0:0: Attached scsi generic sg0 type 0
[    6.130737] sd 2:0:0:0: [sda] Write Protect is off
[    6.131739] sd 2:0:1:0: Attached scsi generic sg1 type 0
[    6.138553] sd 2:0:1:0: [sdb] 20480 512-byte logical blocks: (10.5 MB/10.0 MiB)
[    6.138750] sd 2:0:0:0: [sda] Incomplete mode parameter data
[    6.138755] sd 2:0:0:0: [sda] Assuming drive cache: write through
[    6.140818]  sda: sda1
[    6.142084] sd 2:0:0:0: [sda] Attached SCSI disk
[    6.157381] sd 2:0:1:0: [sdb] Write Protect is off
[    6.160961] sd 2:0:1:0: [sdb] Incomplete mode parameter data
[    6.163796] sd 2:0:1:0: [sdb] Assuming drive cache: write through
[    6.173082] sd 2:0:1:0: [sdb] Attached SCSI disk
Begin: Loading essential drivers ... [    8.482134] md: linear personality registered for level -1
[    8.490121] md: multipath personality registered for level -4
[    8.498253] md: raid0 personality registered for level 0
[    8.508480] md: raid1 personality registered for level 1
[    8.587647] raid6: sse2x1   gen()  1715 MB/s
[    8.658605] raid6: sse2x1   xor()   878 MB/s
[    8.726544] raid6: sse2x2   gen()  2704 MB/s
[    8.798688] raid6: sse2x2   xor()  2233 MB/s
[    8.867371] raid6: sse2x4   gen()  5341 MB/s
[    8.934712] raid6: sse2x4   xor()  3054 MB/s
[    9.002622] raid6: avx2x1   gen()  4411 MB/s
[    9.071343] raid6: avx2x2   gen()  7773 MB/s
[    9.138690] raid6: avx2x4   gen()  9616 MB/s
[    9.141360] raid6: using algorithm avx2x4 gen() 9616 MB/s
[    9.144729] raid6: using avx2x2 recovery algorithm
[    9.149566] xor: automatically using best checksumming function:
[    9.190932]    avx       : 16088.000 MB/sec
[    9.195316] async_tx: api initialized (async)
[    9.215810] md: raid6 personality registered for level 6
[    9.219519] md: raid5 personality registered for level 5
[    9.222202] md: raid4 personality registered for level 4
[    9.237322] md: raid10 personality registered for level 10
done.
Begin: Running /scripts/init-premount ... done.
Begin: Mounting root file system ... Begin: Running /scripts/local-top ... done.
Begin: Running /scripts/local-premount ... [    9.315959] Btrfs loaded
Scanning for Btrfs filesystems
done.
Warning: fsck not present, so skipping root file system
[    9.377064] EXT4-fs (sda1): mounted filesystem with ordered data mode. Opts: (null)
done.
Begin: Running /scripts/local-bottom ... done.
Begin: Running /scripts/init-bottom ... done.
[    9.614366] systemd[1]: systemd 229 running in system mode. (+PAM +AUDIT +SELINUX +IMA +APPARMOR +SMACK +SYSVINIT +UTMP +LIBCRYPTSETUP +GCRYPT +GNUTLS +ACL +XZ -LZ4 +SECCOMP +BLKID +ELFUTILS +KMOD -IDN)
[    9.626976] systemd[1]: Detected virtualization oracle.
[    9.631164] systemd[1]: Detected architecture x86-64.

Welcome to [1mUbuntu 16.04.7 LTS[0m!

[    9.641173] systemd[1]: Set hostname to <ubuntu>.
[    9.648608] systemd[1]: Initializing machine ID from random generator.
[    9.652005] systemd[1]: Installed transient /etc/machine-id file.
[    9.920401] systemd[1]: Reached target Encrypted Volumes.
[[0;32m  OK  [0m] Reached target Encrypted Volumes.
[    9.925427] systemd[1]: Listening on udev Kernel Socket.
[[0;32m  OK  [0m] Listening on udev Kernel Socket.
[    9.930709] systemd[1]: Listening on LVM2 metadata daemon socket.
[[0;32m  OK  [0m] Listening on LVM2 metadata daemon socket.
[    9.935925] systemd[1]: Reached target Swap.
[[0;32m  OK  [0m] Reached target Swap.
[    9.939997] systemd[1]: Started Trigger resolvconf update for networkd DNS.
[[0;32m  OK  [0m] Started Trigger resolvconf update for networkd DNS.
[    9.947040] systemd[1]: Created slice System Slice.
[[0;32m  OK  [0m] Created slice System Slice.
[    9.951742] systemd[1]: Listening on udev Control Socket.
[[0;32m  OK  [0m] Listening on udev Control Socket.
[    9.956620] systemd[1]: Listening on Syslog Socket.
[[0;32m  OK  [0m] Listening on Syslog Socket.
[    9.961779] systemd[1]: Reached target System Time Synchronized.
[[0;32m  OK  [0m] Reached target System Time Synchronized.
[    9.967507] systemd[1]: Started Forward Password Requests to Wall Directory Watch.
[[0;32m  OK  [0m] Started Forward Password Requests to Wall Directory Watch.
[    9.978340] systemd[1]: Created slice system-serial\x2dgetty.slice.
[[0;32m  OK  [0m] Created slice system-serial\x2dgetty.slice.
[    9.984628] systemd[1]: Set up automount Arbitrary Executable File Formats File System Automount Point.
[[0;32m  OK  [0m] Set up automount Arbitrary Executab...ats File System Automount Point.
[    9.992406] systemd[1]: Reached target User and Group Name Lookups.
[[0;32m  OK  [0m] Reached target User and Group Name Lookups.
[    9.998323] systemd[1]: Listening on Journal Audit Socket.
[[0;32m  OK  [0m] Listening on Journal Audit Socket.
[   10.003450] systemd[1]: Listening on LVM2 poll daemon socket.
[[0;32m  OK  [0m] Listening on LVM2 poll daemon socket.
[   10.010093] systemd[1]: Listening on Journal Socket.
[[0;32m  OK  [0m] Listening on Journal Socket.
[   10.027712] systemd[1]: Mounting Huge Pages File System...
         Mounting Huge Pages File System...
[   10.035683] systemd[1]: Starting Create list of required static device nodes for the current kernel...
         Starting Create list of required st... nodes for the current kernel...
[   10.047173] systemd[1]: Starting Uncomplicated firewall...
         Starting Uncomplicated firewall...
[   10.075325] systemd[1]: Starting Set console keymap...
         Starting Set console keymap...
[   10.084680] systemd[1]: Mounting Debug File System...
         Mounting Debug File System...
[   10.091217] systemd[1]: Starting Nameserver information manager...
         Starting Nameserver information manager...
[   10.103415] systemd[1]: Starting Load Kernel Modules...
         Starting Load Kernel Modules...
[   10.112396] systemd[1]: Starting Remount Root and Kernel File Systems...
         Starting Remount Root and Kernel File Systems...
[   10.120660] systemd[1]: Listening on Journal Socket (/dev/log).
[[0;32m  OK  [0m] Listening on Journal Socket (/dev/log).
[   10.128064] systemd[1]: Listening on /dev/initctl Compatibility Named Pipe.
[[0;32m  OK  [0m] Listening on /dev/initctl Compatibility Named Pipe.
[   10.136700] systemd[1]: Starting Journal Service...
         Starting Journal Service...
[   10.142161] EXT4-fs (sda1): re-mounted. Opts: (null)
[   10.146288] systemd[1]: Listening on Device-mapper event daemon FIFOs.
[[0;32m  OK  [0m] Listening on Device-mapper event daemon FIFOs.
[   10.154408] systemd[1]: Starting Monitoring of LVM2 mirrors, snapshots etc. using dmeventd or progress polling...
[   10.160776] Loading iSCSI transport class v2.0-870.
         Starting Monitoring of LVM2 mirrors... dmeventd or progress polling...
[   10.181986] systemd[1]: Mounting POSIX Message Queue File System...
         Mounting POSIX Message Queue File System...
[   10.196159] systemd[1]: Created slice User and Session Slice.
[[0;32m  OK  [0m] Created slice User and Session Slice.
[   10.225790] systemd[1]: Reached target Slices.
[[0;32m  OK  [0m] Reached target Slices.
[   10.244004] iscsi: registered transport (tcp)
[   10.257417] systemd[1]: Mounted Huge Pages File System.
[[0;32m  OK  [0m] Mounted Huge Pages File System.
[   10.271211] systemd[1]: Mounted POSIX Message Queue File System.
[[0;32m  OK  [0m] Mounted POSIX Message Queue File System.
[   10.278558] systemd[1]: Mounted Debug File System.
[[0;32m  OK  [0m] Mounted Debug File System.
[   10.290936] systemd[1]: Started Create list of required static device nodes for the current kernel.
[[0;32m  OK  [0m] Started Create list of required sta...ce nodes for the current kernel.
[   10.330940] systemd[1]: Started Uncomplicated firewall.
[[0;32m  OK  [0m] Started Uncomplicated firewall.
[   10.368126] systemd[1]: Started Remount Root and Kernel File Systems.
[[0;32m  OK  [0m] Started Remount Root and Kernel File Systems.
[   10.379515] systemd[1]: Started Nameserver information manager.
[[0;32m  OK  [0m] Started Nameserver information manager.
[   10.400072] systemd[1]: Started Journal Service.
[[0;32m  OK  [0m] Started Journal Service.
[   10.423230] iscsi: registered transport (iser)
[[0;32m  OK  [0m] Started LVM2 metadata daemon.
         Starting Flush Journal to Persistent Storage...
         Starting udev Coldplug all Devices...
         Starting Load/Save Random Seed...
         Starting Create Static Device Nodes in /dev...
[[0;32m  OK  [0m] Started Load Kernel Modules.
         Mounting FUSE Control File System...
         Starting Apply Kernel Variables...
[[0;32m  OK  [0m] Started Load/Save Random Seed.
[[0;32m  OK  [0m] Mounted FUSE Control File System.
[[0;32m  OK  [0m] Started Apply Kernel Variables.
[[0;32m  OK  [0m] Started Flush Journal to Persistent Storage.
[[0;32m  OK  [0m] Started Create Static Device Nodes in /dev.
         Starting udev Kernel Device Manager...
[[0;32m  OK  [0m] Started Set console keymap.
[[0;32m  OK  [0m] Started udev Kernel Device Manager.
[[0;32m  OK  [0m] Started udev Coldplug all Devices.
[[0;32m  OK  [0m] Started Dispatch Password Requests to Console Directory Watch.
[[0;32m  OK  [0m] Started Monitoring of LVM2 mirrors,...ng dmeventd or progress polling.
[[0;32m  OK  [0m] Reached target Local File Systems (Pre).
[[0;32m  OK  [0m] Reached target Local File Systems.
         Starting Initial cloud-init job (pre-networking)...
         Starting Tell Plymouth To Write Out Runtime Data...
         Starting Create Volatile Files and Directories...
         Starting Set console font and keymap...
         Starting Commit a transient machine-id on disk...
         Starting LSB: AppArmor initialization...
[[0;32m  OK  [0m] Started Tell Plymouth To Write Out Runtime Data.
[[0;32m  OK  [0m] Started Create Volatile Files and Directories.
[[0;32m  OK  [0m] Started Commit a transient machine-id on disk.
[[0;32m  OK  [0m] Found device /dev/ttyS0.
         Starting Update UTMP about System Boot/Shutdown...
[[0;32m  OK  [0m] Started Update UTMP about System Boot/Shutdown.
[[0;32m  OK  [0m] Listening on Load/Save RF Kill Switch Status /dev/rfkill Watch.
[   14.919553] cloud-init[497]: Cloud-init v. 20.2-45-g5f7825e2-0ubuntu1~16.04.1 running 'init-local' at Tue, 01 Sep 2020 03:16:26 +0000. Up 13.62 seconds.
[[0;32m  OK  [0m] Started Initial cloud-init job (pre-networking).
[[0;32m  OK  [0m] Reached target Network (Pre).
[[0;32m  OK  [0m] Started Set console font and keymap.
[[0;32m  OK  [0m] Created slice system-getty.slice.
[[0;32m  OK  [0m] Started LSB: AppArmor initialization.
         Starting Load AppArmor profiles managed internally by snapd...
         Starting Raise network interfaces...
[[0;32m  OK  [0m] Started Load AppArmor profiles managed internally by snapd.
[[0;32m  OK  [0m] Started Raise network interfaces.
[[0;32m  OK  [0m] Reached target Network.
         Starting Initial cloud-init job (metadata service crawler)...
[   20.829317] cloud-init[962]: Cloud-init v. 20.2-45-g5f7825e2-0ubuntu1~16.04.1 running 'init' at Tue, 01 Sep 2020 03:16:32 +0000. Up 18.97 seconds.
[   20.834639] cloud-init[962]: ci-info: ++++++++++++++++++++++++++++++++++++++Net device info+++++++++++++++++++++++++++++++++++++++
[   20.844901] cloud-init[962]: ci-info: +--------+-------+----------------------------+---------------+--------+-------------------+
[   20.857380] cloud-init[962]: ci-info: | Device |   Up  |          Address           |      Mask     | Scope  |     Hw-Address    |
[   20.868585] cloud-init[962]: ci-info: +--------+-------+----------------------------+---------------+--------+-------------------+
[   20.877980] cloud-init[962]: ci-info: | enp0s3 |  True |         10.0.2.15          | 255.255.255.0 | global | 02:98:c6:81:17:55 |
[   20.886010] cloud-init[962]: ci-info: | enp0s3 |  True | fe80::98:c6ff:fe81:1755/64 |       .       |  link  | 02:98:c6:81:17:55 |
[   20.907293] cloud-init[962]: ci-info: | enp0s8 | False |             .              |       .       |   .    | 08:00:27:f1:c4:5c |
[   20.915310] cloud-init[962]: ci-info: |   lo   |  True |         127.0.0.1          |   255.0.0.0   |  host  |         .         |
[   20.920414] cloud-init[962]: ci-info: |   lo   |  True |          ::1/128           |       .       |  host  |         .         |
[   20.926177] cloud-init[962]: ci-info: +--------+-------+----------------------------+---------------+--------+-------------------+
[   20.931137] cloud-init[962]: ci-info: +++++++++++++++++++++++++++Route IPv4 info++++++++++++++++++++++++++++
[   20.936112] cloud-init[962]: ci-info: +-------+-------------+----------+---------------+-----------+-------+
[   20.940706] cloud-init[962]: ci-info: | Route | Destination | Gateway  |    Genmask    | Interface | Flags |
[   20.947872] cloud-init[962]: ci-info: +-------+-------------+----------+---------------+-----------+-------+
[   20.954024] cloud-init[962]: ci-info: |   0   |   0.0.0.0   | 10.0.2.2 |    0.0.0.0    |   enp0s3  |   UG  |
[   20.959465] cloud-init[962]: ci-info: |   1   |   10.0.2.0  | 0.0.0.0  | 255.255.255.0 |   enp0s3  |   U   |
[   20.978017] cloud-init[962]: ci-info: +-------+-------------+----------+---------------+-----------+-------+
[   20.984961] cloud-init[962]: ci-info: +++++++++++++++++++Route IPv6 info+++++++++++++++++++
[   20.989434] cloud-init[962]: ci-info: +-------+-------------+---------+-----------+-------+
[   20.994042] cloud-init[962]: ci-info: | Route | Destination | Gateway | Interface | Flags |
[[0;32m  OK  [0m] Started Initial cloud-init job (metadata service crawler).
[[0;32m  OK  [0m] Reached target System Initialization.
[[0;32m  OK  [0m] [   21.000204] cloud-init[962]: ci-info: +-------+-------------+---------+-----------+-------+
[   21.011157] cloud-init[962]: Listening on ACPID Listen Socket.
[[0;32m  OK  [0m] Started Daily Cleanup of Temporary Directories.
ci-info: |   0   |  fe80::/64  |    ::   |   enp0s3  |   U   |
[[0;32m  OK  [0m] Started ACPI Events Check.
[[0;32m  OK  [0m] Reached target Paths.
[[0;32m  OK  [0m] Listening on UUID daemon activation socket.
[   21.025486] cloud-init[962]: ci-info: |   3   |   ff00::/8  |    ::   |   enp0s3  |   U   |
[   21.030243] cloud-init[962]: ci-info: +-------+-------------+---------+-----------+-------+
[   21.030833] cloud-init[962]: Generating public/private rsa key pair.
[[0;32m  OK  [0m] Listening on D-Bus System Message Bus Socket.
         Starting Socket activation for snappy daemon.[   21.031233] cloud-init[962]: Your identification has been saved in /etc/ssh/ssh_host_rsa_key.
[   21.039335] cloud-init[962]: Your public key has been saved in /etc/ssh/ssh_host_rsa_key.pub.
[   21.043356] cloud-init[962]: The key fingerprint is:
[   21.047273] cloud-init[962]: SHA256:sdDB9dZWp/LFooVL5JxgblVOktz6+uMk+eIrfjuxcRA root@ubuntu-xenial
[   21.048376] cloud-init[962]: The key's randomart image is:
[   21.049194] cloud-init[962]: +---[RSA 2048]----+
[   21.049336] cloud-init[962]: |       ...+.++o o|

[   21.051728] cloud-init[962]: |       ..+ BEB.+.|
         Starting LXD - unix socket.[   21.090845] cloud-init[962]: |      . o o XoB o|
[   21.091057] cloud-init[962]: |       . + ooB o |
[   21.093138] 
cloud-init[962]: |        S   oo.  |
[[   21.104021] cloud-init[962]: |            o.o  |
[   21.104764] cloud-init[962]: |            o*.  |
[0;32m  OK  [0m] Started Message of the Day.
[   21.107115] cloud-init[962]: |          . *+.  |
[[0;32m  OK  [0m] Started Daily apt download activities.
[   21.110085] cloud-init[962]: |         ..++B+. |
[   21.118821] cloud-init[962]: +----[SHA256]-----+
[   21.119581] cloud-init[962]: Generating public/private dsa key pair.
[   21.120093] cloud-init[962]: Your identification has been saved in /etc/ssh/ssh_host_dsa_key.
[   21.120765] cloud-init[962]: Your public key has been saved in /etc/ssh/ssh_host_dsa_key.pub.
[   21.122802] cloud-init[962]: The key fingerprint is:
[   21.122995] cloud-init[962]: SHA256:IzBuc6TRIEoUVKCJpUzPHz4jQYVbvPYxdVHbDqn8Ayg root@ubuntu-xenial
[   21.123145] cloud-init[962]: The key's randomart image is:
[   21.123286] cloud-init[962]: +---[DSA 1024]----+
[   21.123425] cloud-init[962]: |oB*o=.     .o.   |
[   21.123565] cloud-init[962]: |*=+o =   . .  +  |
[   21.123702] cloud-init[962]: |*. +*.+ . .  + . |
[   21.123873] cloud-init[962]: |   o+O.o  o . o  |
[   21.124024] cloud-init[962]: |   .*=+ES. +   . |
[   21.124160] cloud-init[962]: |   ..ooo..  o    |
[   21.124298] cloud-init[962]: |             o   |
[   21.124500] cloud-init[962]: |              .  |
[   21.124638] cloud-init[962]: |                 |
[   21.124783] cloud-init[962]: +----[SHA256]-----+
[   21.124955] cloud-init[962]: Generating public/private ecdsa key pair.
[   21.125094] cloud-init[962]: Your identification has been saved in /etc/ssh/ssh_host_ecdsa_key.
[   21.125235] cloud-init[962]: Your public key has been saved in /etc/ssh/ssh_host_ecdsa_key.pub.
[   21.125373] cloud-init[962]: The key fingerprint is:
[   21.125508] cloud-init[962]: SHA256:gv/bNNrRM9OF48VydGpqJrWSw3bJzVXqzRzwfuy2bfQ root@ubuntu-xenial
[   21.125648] cloud-init[962]: The key's randomart image is:
[   21.125823] cloud-init[962]: +---[ECDSA 256]---+
[   21.125966] cloud-init[962]: |                 |
[   21.126103] cloud-init[962]: |                 |
[   21.126238] cloud-init[962]: |             .  +|
[   21.126376] cloud-init[962]: |     .        o*o|
[   21.126513] cloud-init[962]: |    . . S   . Bo*|
[   21.126650] cloud-init[962]: |     . . . = @.%o|
[   21.126828] cloud-init[962]: |      .   @ & *oB|
[   21.126966] cloud-init[962]: |       . * X + .E|
[   21.127096] cloud-init[962]: |        +.o    ++|
[   21.127230] cloud-init[962]: +----[SHA256]-----+
[   21.127364] cloud-init[962]: Generating public/private ed25519 key pair.
[   21.127506] cloud-init[962]: Your identification has been saved in /etc/ssh/ssh_host_ed25519_key.
[   21.127641] cloud-init[962]: Your public key has been saved in /etc/ssh/ssh_host_ed25519_key.pub.
[   21.127925] cloud-init[962]: The key fingerprint is:
[   21.128065] cloud-init[962]: SHA256:CI28CP/tggPk3/bVYPa4YRxAI9SXgzNRV4XGmSKn1wU root@ubuntu-xenial
[   21.128200] cloud-init[962]: The key's randomart image is:
[   21.128332] cloud-init[962]: +--[ED25519 256]--+
[   21.128563] cloud-init[962]: |    .o.++...oE*. |
[   21.128697] cloud-init[962]: |   . oo=.=.o * . |
[   21.129493] cloud-init[962]: |.   + ..+ = + .  |
[   21.129787] cloud-init[962]: | + . o ... . .   |
[   21.130084] cloud-init[962]: |o o . . S=.      |
[   21.130217] cloud-init[962]: |.. . .  + *      |
[   21.130355] cloud-init[962]: | ...o .  * o     |
[   21.130493] cloud-init[962]: |  o..+  o o      |
[   21.130782] cloud-init[962]: |   ...o. .       |
[   21.130988] cloud-init[962]: +----[SHA256]-----+
[[0;32m  OK  [0m] Started Daily apt upgrade and clean activities.
[[0;32m  OK  [0m] Reached target Timers.
[[0;32m  OK  [0m] Reached target Network is Online.
         Starting iSCSI initiator daemon (iscsid)...
[[0;32m  OK  [0m] Reached target Cloud-config availability.
[[0;32m  OK  [0m] Listening on Socket activation for snappy daemon.
[[0;32m  OK  [0m] Listening on LXD - unix socket.
[[0;32m  OK  [0m] Reached target Sockets.
[[0;32m  OK  [0m] Reached target Basic System.
         Starting LSB: Record successful boot for GRUB...
[[0;32m  OK  [0m] Started Deferred execution scheduler.
         Starting Pollinate to seed the pseudo random number generator...
         Starting System Logging Service...
[[0;32m  OK  [0m] Started Regular background program processing daemon.
[[0;32m  OK  [0m] Started FUSE filesystem for LXC.
         Starting Accounts Service...
         Starting LSB: MD monitoring daemon...
         Starting Login Service...
         Starting LXD - container startup/shutdown...
         Starting Virtualbox guest utils...
[[0;32m  OK  [0m] Started D-Bus System Message Bus.
         Starting /etc/rc.local Compatibility...
[[0;32m  OK  [0m] Started ACPI event daemon.
         Starting Snap Daemon...
[[0;32m  OK  [0m] Started System Logging Service.
[[0;32m  OK  [0m] Started /etc/rc.local Compatibility.
[[0;32m  OK  [0m] Started iSCSI initiator daemon (iscsid).
[[0;32m  OK  [0m] Started Login Service.
[[0;32m  OK  [0m] Started Unattended Upgrades Shutdown.
         Starting Authenticate and Authorize Users to Run Privileged Tasks...
         Starting Login to default iSCSI targets...
[[0;32m  OK  [0m] Started LSB: Record successful boot for GRUB.
[[0;32m  OK  [0m] Started LSB: MD monitoring daemon.
[[0;32m  OK  [0m] Started Login to default iSCSI targets.
[[0;32m  OK  [0m] Reached target Remote File Systems (Pre).
[[0;32m  OK  [0m] Reached target Remote File Systems.
         Starting LSB: Set the CPU Frequency Scaling governor to "ondemand"...
         Starting LSB: automatic crash report generation...
         Starting Permit User Sessions...
         Starting LSB: daemon to balance interrupts for SMP systems...
[[0;32m  OK  [0m] Started LXD - container startup/shutdown.
[[0;32m  OK  [0m] Started Authenticate and Authorize Users to Run Privileged Tasks.
[[0;32m  OK  [0m] Started Permit User Sessions.
         Starting Hold until boot process finishes up...
         Starting Terminate Plymouth Boot Screen...
[[0;32m  OK  [0m] Started Hold until boot process finishes up.
[[0;32m  OK  [0m] Started Terminate Plymouth Boot Screen.
         Starting Set console scheme...
[[0;32m  OK  [0m] Started Serial Getty on ttyS0.
[[0;32m  OK  [0m] Started Getty on tty1.
[[0;32m  OK  [0m] Reached target Login Prompts.
[[0;32m  OK  [0m] Started LSB: Set the CPU Frequency Scaling governor to "ondemand".
[[0;32m  OK  [0m] Started Set console scheme.
[[0;32m  OK  [0m] Started LSB: automatic crash report generation.
[[0;32m  OK  [0m] Started Accounts Service.
[[0;32m  OK  [0m] Started LSB: daemon to balance interrupts for SMP systems.
[[0;32m  OK  [0m] Started Virtualbox guest utils.
[[0;32m  OK  [0m] Started Snap Daemon.
         Starting Wait until snapd is fully seeded...
[[0;32m  OK  [0m] Started Pollinate to seed the pseudo random number generator.
         Starting OpenBSD Secure Shell server...
[[0;32m  OK  [0m] Started OpenBSD Secure Shell server.
[[0;32m  OK  [0m] Created slice User Slice of vagrant.
         Starting User Manager for UID 1000...
[[0;32m  OK  [0m] Started Session 1 of user vagrant.
[[0;32m  OK  [0m] Started User Manager for UID 1000.

Ubuntu 16.04.7 LTS ubuntu-xenial ttyS0

ubuntu-xenial login: [   32.372537] cloud-init[1402]: Generating locales (this might take a while)...
[   36.804058] cloud-init[1402]:   en_US.UTF-8... done
[   36.807719] cloud-init[1402]: Generation complete.
[   37.746526] cloud-init[1402]: Cloud-init v. 20.2-45-g5f7825e2-0ubuntu1~16.04.1 running 'modules:config' at Tue, 01 Sep 2020 03:16:45 +0000. Up 31.77 seconds.
ci-info: no authorized SSH keys fingerprints found for user ubuntu.
<14>Sep  1 03:16:52 ec2: 
<14>Sep  1 03:16:52 ec2: #############################################################
<14>Sep  1 03:16:52 ec2: -----BEGIN SSH HOST KEY FINGERPRINTS-----
<14>Sep  1 03:16:52 ec2: 1024 SHA256:IzBuc6TRIEoUVKCJpUzPHz4jQYVbvPYxdVHbDqn8Ayg root@ubuntu-xenial (DSA)
<14>Sep  1 03:16:52 ec2: 256 SHA256:gv/bNNrRM9OF48VydGpqJrWSw3bJzVXqzRzwfuy2bfQ root@ubuntu-xenial (ECDSA)
<14>Sep  1 03:16:52 ec2: 256 SHA256:CI28CP/tggPk3/bVYPa4YRxAI9SXgzNRV4XGmSKn1wU root@ubuntu-xenial (ED25519)
<14>Sep  1 03:16:52 ec2: 2048 SHA256:sdDB9dZWp/LFooVL5JxgblVOktz6+uMk+eIrfjuxcRA root@ubuntu-xenial (RSA)
<14>Sep  1 03:16:52 ec2: -----END SSH HOST KEY FINGERPRINTS-----
<14>Sep  1 03:16:52 ec2: #############################################################
-----BEGIN SSH HOST KEY KEYS-----
ecdsa-sha2-nistp256 AAAAE2VjZHNhLXNoYTItbmlzdHAyNTYAAAAIbmlzdHAyNTYAAABBBFdwib+ZbrviMx11ij0DCZSluEtcIQgNFrSPPXMEbDJGYcBDSmlyHvpIVNx7EMsY3geOoFYDQUxl8vUPcWejN8c= root@ubuntu-xenial
ssh-ed25519 AAAAC3NzaC1lZDI1NTE5AAAAIDd86q8+MQZ+cWCc3YRHJSGDM2QV1bGmnHAYLpvrLsqI root@ubuntu-xenial
ssh-rsa AAAAB3NzaC1yc2EAAAADAQABAAABAQCb7TEX6iesa80QU70BRJWTgjKa0+7bRGkMaQwCOFYVPmiFIC4+IN3jHfLuK0oKRaRI5gb3W4N/JyhEnr234/6feNdQsJn2+DOUdvz5GU6A9olJvFLE8eBxh4i3XzE2c4zBYyPRiW2+LqGUIr7wNz7/a9RjGv9lA0y7PLx6A7qg0gDOfC3P3/WPma2SXMkg/ZfksI+nnYWkwNBwweJ4/WdtGIcs3rYEZBDQf8grLW2OsNMEcZeSdYQnmBhbVowdT8Gkvq4KYTOGcf+43PmRj/jLN2vWHCxKgUWXgZHj+FMEHpteK5eWMvM4jpIuI52kw0nyCc1ApJk1VcrDwuGmq4QT root@ubuntu-xenial
-----END SSH HOST KEY KEYS-----
[   39.699223] cloud-init[1571]: Cloud-init v. 20.2-45-g5f7825e2-0ubuntu1~16.04.1 running 'modules:final' at Tue, 01 Sep 2020 03:16:52 +0000. Up 39.20 seconds.
[   39.712907] cloud-init[1571]: ci-info: no authorized SSH keys fingerprints found for user ubuntu.
[   39.715324] cloud-init[1571]: Cloud-init v. 20.2-45-g5f7825e2-0ubuntu1~16.04.1 finished at Tue, 01 Sep 2020 03:16:52 +0000. Datasource DataSourceNoCloud [seed=/dev/sdb][dsmode=net].  Up 39.65 seconds
